// Jest Snapshot v1, https://goo.gl/fbAQLP

exports[`Matches snapshot match the snapshot 1`] = `
<DocumentFragment>
  <div
    class="App"
  >
    <div
      class="container"
    >
      <h2>
        Customer Rewards
      </h2>
      <form
        id="customer-toolbar-form"
      >
        <label
          for="customer-id"
        >
          Customer ID#:
        </label>
        <input
          id="customer-id"
          name="customer-id"
          type="text"
          value=""
        />
        <label
          for="select-date-range"
        >
          Date Range:
        </label>
        <select
          id="select-date-range"
          name="select-date-range"
        >
          <option
            value="1"
          >
            1 Month
          </option>
          <option
            value="3"
          >
            3 Months
          </option>
          <option
            value="6"
          >
            6 Months
          </option>
          <option
            value="0"
          >
            All Months
          </option>
        </select>
      </form>
      <div>
        <p>
          Loading...
        </p>
      </div>
    </div>
  </div>
</DocumentFragment>
`;
